<html>
<body>
<pre>
<h1>礦ision Build Log</h1>
<h2>Tool Versions:</h2>
IDE-Version: μVision V5.14.0.0
Copyright (C) 2015 ARM Ltd and ARM Germany GmbH. All rights reserved.
License Information: Jake Fish, GDUT, LIC=EPPFW-QSN65-ZDCK6-D3FM4-6EJBX-XFHU8
 
Tool Versions:
Toolchain:       MDK-ARM Professional  Version: 5.14.0.0
Toolchain Path:  C:\Keil_v5\ARM\ARMCC\Bin
C Compiler:      Armcc.exe V5.05 update 1 (build 106)
Assembler:       Armasm.exe V5.05 update 1 (build 106)
Linker/Locator:  ArmLink.exe V5.05 update 1 (build 106)
Library Manager: ArmAr.exe V5.05 update 1 (build 106)
Hex Converter:   FromElf.exe V5.05 update 1 (build 106)
CPU DLL:         SARMCM3.DLL V5.14.0.0
Dialog DLL:      DCM.DLL V1.13.1.0
Target DLL:      STLink\ST-LINKIII-KEIL_SWO.dll V2.0.14.0_KEIL
Dialog DLL:      TCM.DLL V1.14.4.0
 
<h2>Project:</h2>
D:\WorkFile\ASM比赛\4\4.18\USER\ASM.uvprojx
Project File Date:  04/19/2019

<h2>Output:</h2>
Build target 'Target 1'
compiling main.c...
..\HARDWARE\Measure\measure.h(21): warning:  #1295-D: Deprecated declaration measure - give arg types
  float measure();
..\HARDWARE\Measure\measure.h(22): warning:  #1295-D: Deprecated declaration trigger - give arg types
  void trigger();
..\HARDWARE\Shoot\Shoot.h(27): warning:  #1-D: last line of file ends without a newline
  #endif
main.c(33): warning:  #69-D: integer conversion resulted in truncation
        TIM3_Int_Init(99998,71); //10Khz的计数频率，计数到5000为500ms 
main.c(34): warning:  #69-D: integer conversion resulted in truncation
        TIM5_Int_Init(99998,71); //10Khz的计数频率，计数到5000为500ms
main.c: 5 warnings, 0 errors
compiling stm32f10x_it.c...
compiling system_stm32f10x.c...
compiling key.c...
compiling led.c...
compiling motor.c...
..\HARDWARE\Shoot\Shoot.h(27): warning:  #1-D: last line of file ends without a newline
  #endif
..\HARDWARE\Motor\motor.c(430): warning:  #1-D: last line of file ends without a newline
         }       
..\HARDWARE\Motor\motor.c: 2 warnings, 0 errors
compiling Infrared.c...
..\HARDWARE\Infrared\Infrared.c(47): warning:  #1-D: last line of file ends without a newline
  }
..\HARDWARE\Infrared\Infrared.c: 1 warning, 0 errors
compiling measure.c...
..\HARDWARE\Measure\measure.h(21): warning:  #1295-D: Deprecated declaration measure - give arg types
  float measure();
..\HARDWARE\Measure\measure.h(22): warning:  #1295-D: Deprecated declaration trigger - give arg types
  void trigger();
..\HARDWARE\Measure\measure.c(234): warning:  #940-D: missing return statement at end of non-void function "measure"
  }
..\HARDWARE\Measure\measure.c: 3 warnings, 0 errors
compiling arm.c...
compiling Shoot.c...
..\HARDWARE\Shoot\Shoot.h(27): warning:  #1-D: last line of file ends without a newline
  #endif
..\HARDWARE\Shoot\Shoot.c(12): warning:  #177-D: variable "TIM_OCInitStructure" was declared but never referenced
        TIM_OCInitTypeDef  TIM_OCInitStructure;
..\HARDWARE\Shoot\Shoot.c(251): warning:  #1-D: last line of file ends without a newline
  }
..\HARDWARE\Shoot\Shoot.c: 3 warnings, 0 errors
compiling delay.c...
compiling sys.c...
compiling usart.c...
compiling core_cm3.c...
assembling startup_stm32f10x_hd.s...
compiling stm32f10x_gpio.c...
compiling stm32f10x_rcc.c...
compiling stm32f10x_usart.c...
compiling misc.c...
compiling stm32f10x_tim.c...
linking...
Program Size: Code=14168 RO-data=356 RW-data=132 ZI-data=1636  
FromELF: creating hex file...
"..\OBJ\TIMER.axf" - 0 Error(s), 14 Warning(s).

<h2>Collection of Component include folders:</h2>
  D:\WorkFile\ASM比赛\4\4.18\USER\RTE
  C:\Keil_v5\ARM\PACK\ARM\CMSIS\4.2.0\Device\ARM\ARMCM3\Include

<h2>Collection of Component Files used:</h2>
</pre>
</body>
</html>
